============================= test session starts =============================
platform win32 -- Python 3.13.5, pytest-8.3.4, pluggy-1.5.0
rootdir: D:\capital
configfile: pytest.ini
plugins: anyio-4.12.1, langsmith-0.4.43
collected 19 items / 2 errors

<Dir capital>
  <Package tests>
    <Module test_classifier.py>
      <Class TestDocumentClassifier>
        <Function test_classify_gst_return_high_confidence>
        <Function test_classify_bank_statement>
        <Function test_classify_annual_report>
        <Function test_low_confidence_triggers_manual_review>
        <Function test_empty_text_returns_other_with_manual_review>
        <Function test_is_legal_property>
      <Class TestDocumentRouter>
        <Function test_gst_routes_to_gst_processor>
        <Function test_bank_routes_to_bank_processor>
        <Function test_itr_routes_to_itr_processor>
        <Function test_legal_notice_routes_to_legal_nlp>
        <Function test_annual_report_routes_to_nlp_extractor>
        <Function test_unknown_file_type_routes_to_manual_review>
        <Function test_low_confidence_routes_to_manual_review>
        <Function test_route_batch>
    <Module test_structured.py>
      <Class TestStructuredParsers>
        <Function test_gst_reconciliation>
        <Function test_bank_analysis>
        <Function test_itr_extraction>
      <Class TestReconciler>
        <Function test_gst_vs_bank_mismatch>
        <Function test_gst_vs_itr_match_no_flag>

=================================== ERRORS ====================================
_____________________ ERROR collecting tests/test_nlp.py ______________________
ImportError while importing test module 'D:\capital\tests\test_nlp.py'.
Hint: make sure your test modules/packages have valid Python names.
Traceback:
D:\anaconda\Lib\importlib\__init__.py:88: in import_module
    return _bootstrap._gcd_import(name[level:], package, level)
tests\test_nlp.py:7: in <module>
    from src.ingestor.nlp.chunker import DocumentChunker
src\ingestor\nlp\chunker.py:8: in <module>
    from langchain.text_splitter import RecursiveCharacterTextSplitter
E   ModuleNotFoundError: No module named 'langchain.text_splitter'
_____________________ ERROR collecting tests/test_ocr.py ______________________
ImportError while importing test module 'D:\capital\tests\test_ocr.py'.
Hint: make sure your test modules/packages have valid Python names.
Traceback:
D:\anaconda\Lib\importlib\__init__.py:88: in import_module
    return _bootstrap._gcd_import(name[level:], package, level)
tests\test_ocr.py:14: in <module>
    from src.ingestor.ocr.ensemble import OCREnsemble
src\ingestor\ocr\ensemble.py:11: in <module>
    from src.ingestor.ocr.tesseract_extractor import TesseractExtractor
src\ingestor\ocr\tesseract_extractor.py:7: in <module>
    import pytesseract
E   ModuleNotFoundError: No module named 'pytesseract'
=========================== short test summary info ===========================
ERROR tests/test_nlp.py
ERROR tests/test_ocr.py
!!!!!!!!!!!!!!!!!!! Interrupted: 2 errors during collection !!!!!!!!!!!!!!!!!!!
==================== 19 tests collected, 2 errors in 3.02s ====================
